stm32f407xxspi_drivers.c:20:6:SPI_PClkCtrl	16	static
stm32f407xxspi_drivers.c:57:6:SPI_Init	24	static
stm32f407xxspi_drivers.c:108:6:SPI_DeInit	16	static
stm32f407xxspi_drivers.c:123:6:SPI_SendData	24	static
stm32f407xxspi_drivers.c:147:6:SPI_RecieveData	24	static
stm32f407xxspi_drivers.c:173:9:SPI_SendDataIT	32	static
stm32f407xxspi_drivers.c:191:9:SPI_RecieveDataIT	32	static
stm32f407xxspi_drivers.c:213:6:SPI_IRQITConfig	16	static
stm32f407xxspi_drivers.c:241:6:SPI_IRQPriorityConfig	24	static
stm32f407xxspi_drivers.c:249:6:SPI_IRQHandling	24	static
stm32f407xxspi_drivers.c:288:9:SPI_GetFlagStatus	16	static
stm32f407xxspi_drivers.c:298:6:SPI_PCtrl	16	static
stm32f407xxspi_drivers.c:311:6:SPI_SSI_Config	16	static
stm32f407xxspi_drivers.c:323:6:SPI_SSOE_Config	16	static
stm32f407xxspi_drivers.c:332:9:SPI_VerifyResponse	16	static
stm32f407xxspi_drivers.c:342:6:SPI_CloseTransmisson	16	static
stm32f407xxspi_drivers.c:350:6:SPI_CloseReception	16	static
stm32f407xxspi_drivers.c:364:13:spi_txe_interrupt_handle	16	static
stm32f407xxspi_drivers.c:387:13:spi_rxe_interrupt_handle	16	static
stm32f407xxspi_drivers.c:409:13:spi_ovr_interrupt_handle	24	static
stm32f407xxspi_drivers.c:423:6:SPI_ClearOVRFlag	24	static
stm32f407xxspi_drivers.c:431:13:SPI_ApplicationEventCallback	16	static
