stm32f407xxi2c_drivers.c:39:6:I2C_PClkCtrl	16	static
stm32f407xxi2c_drivers.c:82:6:I2C_Init	24	static
stm32f407xxi2c_drivers.c:150:6:I2C_DeInit	16	static
stm32f407xxi2c_drivers.c:170:6:I2C_MasterSendData	24	static
stm32f407xxi2c_drivers.c:218:6:I2C_MasterRecvData	32	static
stm32f407xxi2c_drivers.c:311:6:I2C_SlaveSendData	16	static
stm32f407xxi2c_drivers.c:320:9:I2C_SlaveRecvData	16	static
stm32f407xxi2c_drivers.c:337:10:I2C_MasterSendDataIT	32	static
stm32f407xxi2c_drivers.c:371:9:I2C_MasterRecvDataIT	32	static
stm32f407xxi2c_drivers.c:411:6:I2C_IRQITConfig	16	static
stm32f407xxi2c_drivers.c:442:6:I2C_IRQPriorityConfig	24	static
stm32f407xxi2c_drivers.c:453:6:I2C_EV_IRQHandling	32	static
stm32f407xxi2c_drivers.c:603:6:I2C_ER_IRQHandling	24	static
stm32f407xxi2c_drivers.c:693:6:I2C_PCtrl	16	static
stm32f407xxi2c_drivers.c:709:9:I2C_GetFlagStatus_SR1	16	static
stm32f407xxi2c_drivers.c:721:9:I2C_GetFlagStatus_SR2	16	static
stm32f407xxi2c_drivers.c:733:13:I2C_ApplicationEventCallback	16	static
stm32f407xxi2c_drivers.c:742:6:I2C_ManageAcking	16	static
stm32f407xxi2c_drivers.c:758:6:I2C_CloseSendData	16	static
stm32f407xxi2c_drivers.c:775:6:I2C_CloseReceiveData	16	static
stm32f407xxi2c_drivers.c:798:6:I2C_GenerateStartCondition	16	static
stm32f407xxi2c_drivers.c:805:6:I2C_GenerateStopCondition	16	static
stm32f407xxi2c_drivers.c:812:6:I2C_SlaveEnableOrDisable_CallbackEvents	16	static
stm32f407xxi2c_drivers.c:840:13:I2C_SendSlaveAddress	16	static
stm32f407xxi2c_drivers.c:855:6:I2C_ClearADDRFlag	24	static
stm32f407xxi2c_drivers.c:898:13:I2C_MasterHandleTXEInterrupt	16	static
stm32f407xxi2c_drivers.c:918:13:I2C_MasterHandleRXNEInterrupt	16	static
